apps/server/src/services/metricsService.ts(2,32): error TS2306: File 'C:/Users/omer rabin/monitoring-service-task/apps/server/src/interfaces/serviceMetrics.ts' is not a module.
apps/server/src/services/metricsService.ts(3,40): error TS2306: File 'C:/Users/omer rabin/monitoring-service-task/apps/server/src/validators/createSystem.ts' is not a module.
